// Jest Snapshot v1, https://goo.gl/fbAQLP

exports[`R crop render tests R crop snapshot 1`] = `
<div>
  <img
    alt="picture"
    src="https://cdn.pixabay.com/photo/2023/07/10/06/52/trail-8117575_1280.jpg"
    style={
      {
        "maxWidth": "100%",
        "opacity": 0,
      }
    }
  />
</div>
`;
